Starting LPPLS Exhaustive Backtest...
This will take 15-20 minutes...

======================================================================
LPPLS EXHAUSTIVE BACKTEST
======================================================================
Crash threshold: 20%
Lookforward period: 60 days
Warning window: 60 days
Test interval: 7 days
LPPLS window: 180 days
======================================================================

Loaded 3607 days of BTC data
Date range: 2014-09-17 to 2024-08-01
Price range: $457.33 to $73083.50

Finding all 20%+ crashes...
Found 52 crashes:
  2014-09-17: -29.9% over 18 days ($457 → $321)
  2014-10-19: -20.1% over 60 days ($390 → $311)
  2014-11-19: -53.2% over 56 days ($381 → $178)
  2014-12-20: -46.0% over 25 days ($330 → $178)
  2015-01-26: -20.6% over 10 days ($273 → $217)
  2015-03-02: -20.5% over 43 days ($276 → $219)
  2015-07-05: -22.6% over 50 days ($272 → $210)
  2015-08-05: -25.3% over 19 days ($282 → $210)
  2015-11-03: -22.9% over 8 days ($403 → $311)
  2015-12-15: -21.7% over 31 days ($465 → $364)
  2016-06-13: -22.3% over 50 days ($704 → $547)
  2016-12-28: -20.3% over 14 days ($976 → $778)
  2017-02-24: -20.1% over 28 days ($1174 → $938)
  2017-05-24: -21.0% over 53 days ($2444 → $1930)
  2017-06-24: -26.0% over 22 days ($2609 → $1930)
  2017-08-13: -22.5% over 32 days ($4073 → $3155)
  2017-11-08: -20.2% over 4 days ($7460 → $5950)
  2017-12-09: -54.2% over 58 days ($15178 → $6955)
  2018-01-09: -52.3% over 27 days ($14595 → $6955)
  2018-02-09: -24.0% over 56 days ($8737 → $6636)
  2018-03-12: -27.9% over 25 days ($9205 → $6636)
  2018-04-14: -20.5% over 60 days ($7986 → $6350)
  2018-05-15: -30.6% over 44 days ($8510 → $5903)
  2018-07-24: -26.6% over 17 days ($8424 → $6185)
  2018-09-20: -25.3% over 60 days ($6520 → $4871)
  2018-10-21: -50.1% over 55 days ($6482 → $3237)
  2018-11-21: -29.7% over 24 days ($4602 → $3237)
  2019-06-26: -27.2% over 20 days ($13016 → $9478)
  2019-08-01: -22.1% over 59 days ($10400 → $8104)
  2019-09-01: -23.2% over 53 days ($9758 → $7493)
  2019-10-25: -23.3% over 53 days ($8661 → $6641)
  2020-01-12: -39.3% over 60 days ($8192 → $4971)
  2020-02-12: -51.9% over 29 days ($10326 → $4971)
  2021-01-07: -22.7% over 20 days ($39371 → $30433)
  2021-02-21: -21.6% over 7 days ($57540 → $45138)
  2021-03-24: -34.1% over 60 days ($52774 → $34771)
  2021-04-24: -36.7% over 58 days ($50051 → $31677)
  2021-05-25: -22.4% over 56 days ($38402 → $29807)
  2021-09-05: -21.4% over 16 days ($51753 → $40694)
  2021-10-15: -24.3% over 60 days ($61594 → $46613)
  2021-11-15: -34.6% over 53 days ($63558 → $41558)
  2021-12-16: -26.5% over 37 days ($47665 → $35030)
  2022-03-10: -23.2% over 60 days ($39437 → $30297)
  2022-04-10: -32.2% over 47 days ($42208 → $28628)
  2022-05-11: -34.3% over 38 days ($28936 → $19018)
  2022-06-11: -32.9% over 7 days ($28361 → $19018)
  2022-07-28: -22.2% over 55 days ($23844 → $18547)
  2022-09-10: -26.8% over 60 days ($21681 → $15881)
  2022-10-25: -21.4% over 27 days ($20096 → $15787)
  2023-07-13: -20.1% over 60 days ($31476 → $25163)
  2024-03-13: -20.3% over 49 days ($73084 → $58254)
  2024-05-20: -21.8% over 48 days ($71448 → $55849)

Running LPPLS model every 7 days...
  Progress: 0/467 (0.0%)
Parameter fitting warnings:
  ⚠️  m hit lower bound (0.1)
Optimization success: True
Final cost: 1.00e+05
Parameter fitting warnings:
  ⚠️  m hit lower bound (0.1)
Optimization success: True
Final cost: 7.03e+04
Optimization success: True
Final cost: 4.84e+04
Optimization success: False
Final cost: 3.42e+04
Parameter fitting warnings:
  ⚠️  m hit upper bound (0.99)
Optimization success: True
Final cost: 3.45e+04
Parameter fitting warnings:
  ⚠️  m hit upper bound (0.99)
Optimization success: False
Final cost: 2.80e+04
Parameter fitting warnings:
  ⚠️  m hit upper bound (0.99)
Optimization success: True
Final cost: 2.78e+04
Parameter fitting warnings:
  ⚠️  m hit upper bound (0.99)
Optimization success: False
Final cost: 2.66e+04
Parameter fitting warnings:
  ⚠️  m hit lower bound (0.1)
Optimization success: True
Final cost: 2.74e+04
Parameter fitting warnings:
  ⚠️  m hit lower bound (0.1)
Optimization success: True
Final cost: 2.11e+04
Parameter fitting warnings:
  ⚠️  m hit lower bound (0.1)
Optimization success: True
Final cost: 2.05e+04
Parameter fitting warnings:
  ⚠️  m hit lower bound (0.1)
Optimization success: True
Final cost: 1.81e+04
Parameter fitting warnings:
  ⚠️  m hit lower bound (0.1)
Optimization success: True
Final cost: 1.84e+04
Parameter fitting warnings:
  ⚠️  m hit lower bound (0.1)
Optimization success: True
Final cost: 2.15e+04
Parameter fitting warnings:
  ⚠️  m hit lower bound (0.1)
Optimization success: True
Final cost: 2.57e+04
Parameter fitting warnings:
  ⚠️  m hit lower bound (0.1)
Optimization success: True
Final cost: 2.60e+04
Parameter fitting warnings:
  ⚠️  m hit lower bound (0.1)
Optimization success: True
Final cost: 2.71e+04
Parameter fitting warnings:
  ⚠️  m hit lower bound (0.1)
Optimization success: True
Final cost: 2.63e+04
Parameter fitting warnings:
  ⚠️  m hit lower bound (0.1)
Optimization success: True
Final cost: 2.73e+04
Optimization success: False
Final cost: 5.82e+04
  Progress: 20/467 (4.3%)
Parameter fitting warnings:
  ⚠️  tc hit lower bound (190.0)
Optimization success: True
Final cost: 4.53e+04
Parameter fitting warnings:
  ⚠️  tc hit lower bound (190.0)
Optimization success: True
Final cost: 4.45e+04
Parameter fitting warnings:
  ⚠️  m hit lower bound (0.1)
Optimization success: True
Final cost: 4.39e+04
Parameter fitting warnings:
  ⚠️  tc hit lower bound (190.0)
Optimization success: True
Final cost: 4.39e+04
Parameter fitting warnings:
  ⚠️  m hit upper bound (0.99)
Optimization success: True
Final cost: 7.04e+04
Optimization success: False
Final cost: 9.87e+04
Parameter fitting warnings:
  ⚠️  m hit lower bound (0.1)
Optimization success: True
Final cost: 1.10e+05
Parameter fitting warnings:
  ⚠️  m hit lower bound (0.1)
Optimization success: True
Final cost: 9.52e+04
Optimization success: False
Final cost: 8.61e+04
Parameter fitting warnings:
  ⚠️  m hit upper bound (0.99)
Optimization success: True
Final cost: 8.58e+04
Optimization success: True
Final cost: 9.15e+04
Optimization success: True
Final cost: 9.19e+04
Optimization success: True
Final cost: 9.07e+04
Optimization success: True
Final cost: 3.93e+05
Optimization success: True
Final cost: 8.56e+04
Optimization success: True
Final cost: 9.31e+04
Parameter fitting warnings:
  ⚠️  tc hit lower bound (190.0)
Optimization success: True
Final cost: 8.70e+04
Parameter fitting warnings:
  ⚠️  tc hit lower bound (190.0)
Optimization success: True
Final cost: 9.04e+04
Parameter fitting warnings:
  ⚠️  tc hit lower bound (190.0)
  ⚠️  m hit upper bound (0.99)
Optimization success: True
Final cost: 9.43e+04
Parameter fitting warnings:
  ⚠️  tc hit lower bound (190.0)
  ⚠️  m hit upper bound (0.99)
Optimization success: True
Final cost: 9.91e+04
  Progress: 40/467 (8.6%)
Parameter fitting warnings:
  ⚠️  tc hit lower bound (190.0)
  ⚠️  m hit upper bound (0.99)
Optimization success: True
Final cost: 1.03e+05
Parameter fitting warnings:
  ⚠️  tc hit lower bound (190.0)
  ⚠️  m hit upper bound (0.99)
Optimization success: True
Final cost: 1.03e+05
Parameter fitting warnings:
  ⚠️  m hit upper bound (0.99)
Optimization success: True
Final cost: 9.66e+04
Parameter fitting warnings:
  ⚠️  m hit upper bound (0.99)
Optimization success: True
Final cost: 8.22e+04
Parameter fitting warnings:
  ⚠️  m hit upper bound (0.99)
Optimization success: False
Final cost: 6.70e+04
Parameter fitting warnings:
  ⚠️  m hit upper bound (0.99)
Optimization success: False
Final cost: 5.73e+04
Parameter fitting warnings:
  ⚠️  tc hit lower bound (190.0)
  ⚠️  m hit upper bound (0.99)
Optimization success: True
Final cost: 4.33e+04
Parameter fitting warnings:
  ⚠️  tc hit lower bound (190.0)
  ⚠️  m hit upper bound (0.99)
Optimization success: True
Final cost: 4.60e+04
Parameter fitting warnings:
  ⚠️  m hit upper bound (0.99)
Optimization success: False
Final cost: 8.18e+04
Optimization success: True
Final cost: 8.26e+04
Optimization success: False
Final cost: 8.78e+04
Optimization success: True
Final cost: 1.28e+05
Optimization success: True
Final cost: 2.40e+05
Parameter fitting warnings:
  ⚠️  m hit upper bound (0.99)
Optimization success: True
Final cost: 2.60e+05
Parameter fitting warnings:
  ⚠️  tc hit lower bound (190.0)
  ⚠️  m hit lower bound (0.1)
Optimization success: True
Final cost: 1.59e+05
Parameter fitting warnings:
  ⚠️  m hit upper bound (0.99)
Optimization success: True
Final cost: 8.07e+05
Parameter fitting warnings:
  ⚠️  m hit lower bound (0.1)
Optimization success: True
Final cost: 2.42e+05
Optimization success: True
Final cost: 2.69e+05
Optimization success: True
Final cost: 2.26e+05
Optimization success: True
Final cost: 2.18e+05
  Progress: 60/467 (12.8%)
Optimization success: True
Final cost: 8.60e+05
Parameter fitting warnings:
  ⚠️  m hit lower bound (0.1)
Optimization success: True
Final cost: 1.89e+05
Optimization success: True
Final cost: 1.96e+05
Optimization success: True
Final cost: 1.93e+05
Parameter fitting warnings:
  ⚠️  m hit upper bound (0.99)
Optimization success: True
Final cost: 2.88e+05
Parameter fitting warnings:
  ⚠️  m hit upper bound (0.99)
Optimization success: True
Final cost: 2.01e+05
Parameter fitting warnings:
  ⚠️  m hit upper bound (0.99)
Optimization success: True
Final cost: 2.16e+05
Parameter fitting warnings:
  ⚠️  m hit upper bound (0.99)
Optimization success: True
Final cost: 2.13e+05
Parameter fitting warnings:
  ⚠️  m hit upper bound (0.99)
Optimization success: True
Final cost: 2.11e+05
Parameter fitting warnings:
  ⚠️  m hit upper bound (0.99)
Optimization success: True
Final cost: 2.11e+05
Parameter fitting warnings:
  ⚠️  m hit upper bound (0.99)
Optimization success: True
Final cost: 2.18e+05
Parameter fitting warnings:
  ⚠️  m hit upper bound (0.99)
Optimization success: True
Final cost: 2.64e+05
Parameter fitting warnings:
  ⚠️  m hit upper bound (0.99)
Optimization success: False
Final cost: 2.64e+05
Optimization success: True
Final cost: 3.92e+05
Parameter fitting warnings:
  ⚠️  m hit upper bound (0.99)
Optimization success: False
Final cost: 2.04e+05
Parameter fitting warnings:
  ⚠️  m hit upper bound (0.99)
Optimization success: False
Final cost: 1.61e+05
Optimization success: False
Final cost: 1.18e+05
Parameter fitting warnings:
  ⚠️  m hit upper bound (0.99)
Optimization success: True
Final cost: 1.28e+05
Parameter fitting warnings:
  ⚠️  m hit upper bound (0.99)
Optimization success: True
Final cost: 1.41e+05
Parameter fitting warnings:
  ⚠️  m hit lower bound (0.1)
Optimization success: True
Final cost: 1.19e+05
  Progress: 80/467 (17.1%)
Parameter fitting warnings:
  ⚠️  tc hit upper bound (545.0)
Optimization success: True
Final cost: 1.86e+05
Parameter fitting warnings:
  ⚠️  tc hit upper bound (545.0)
Optimization success: True
Final cost: 2.60e+05
Parameter fitting warnings:
  ⚠️  m hit lower bound (0.1)
Optimization success: True
Final cost: 3.27e+05
Parameter fitting warnings:
  ⚠️  m hit lower bound (0.1)
Optimization success: True
Final cost: 3.17e+05
Parameter fitting warnings:
  ⚠️  m hit lower bound (0.1)
Optimization success: True
Final cost: 3.15e+05
Parameter fitting warnings:
  ⚠️  m hit upper bound (0.99)
Optimization success: True
Final cost: 3.62e+05
Parameter fitting warnings:
  ⚠️  m hit upper bound (0.99)
Optimization success: True
Final cost: 3.62e+05
Optimization success: True
Final cost: 3.79e+05
Parameter fitting warnings:
  ⚠️  tc hit upper bound (545.0)
Optimization success: True
Final cost: 4.26e+05
Optimization success: True
Final cost: 4.43e+05
Parameter fitting warnings:
  ⚠️  tc hit upper bound (545.0)
  ⚠️  m hit upper bound (0.99)
Optimization success: True
Final cost: 4.72e+05
Parameter fitting warnings:
  ⚠️  tc hit upper bound (545.0)
Optimization success: True
Final cost: 6.67e+05
Parameter fitting warnings:
  ⚠️  m hit lower bound (0.1)
Optimization success: True
Final cost: 6.81e+05
Parameter fitting warnings:
  ⚠️  m hit lower bound (0.1)
Optimization success: True
Final cost: 7.98e+05
Parameter fitting warnings:
  ⚠️  tc hit lower bound (190.0)
  ⚠️  m hit lower bound (0.1)
Optimization success: True
Final cost: 7.51e+05
Optimization success: True
Final cost: 2.66e+06
Parameter fitting warnings:
  ⚠️  tc hit lower bound (190.0)
Optimization success: True
Final cost: 8.00e+05
Parameter fitting warnings:
  ⚠️  m hit lower bound (0.1)
Optimization success: True
Final cost: 8.20e+05
Parameter fitting warnings:
  ⚠️  tc hit lower bound (190.0)
  ⚠️  m hit lower bound (0.1)
Optimization success: True
Final cost: 8.75e+05
Optimization success: True
Final cost: 1.02e+06
  Progress: 100/467 (21.4%)
Parameter fitting warnings:
  ⚠️  tc hit lower bound (190.0)
  ⚠️  m hit lower bound (0.1)
Optimization success: True
Final cost: 2.57e+06
Parameter fitting warnings:
  ⚠️  tc hit lower bound (190.0)
  ⚠️  m hit lower bound (0.1)
Optimization success: True
Final cost: 1.21e+06
Parameter fitting warnings:
  ⚠️  tc hit lower bound (190.0)
Optimization success: True
Final cost: 1.56e+06
Optimization success: True
Final cost: 1.69e+06
Parameter fitting warnings:
  ⚠️  tc hit upper bound (545.0)
  ⚠️  m hit lower bound (0.1)
Optimization success: True
Final cost: 4.70e+06
Optimization success: True
Final cost: 5.16e+06
Parameter fitting warnings:
  ⚠️  m hit lower bound (0.1)
Optimization success: False
Final cost: 6.37e+06
Optimization success: True
Final cost: 4.62e+07
Parameter fitting warnings:
  ⚠️  m hit lower bound (0.1)
Optimization success: True
Final cost: 1.05e+07
Optimization success: True
Final cost: 3.62e+06
Optimization success: False
Final cost: 2.82e+06
Optimization success: False
Final cost: 3.12e+06
Optimization success: False
Final cost: 5.51e+06
Optimization success: False
Final cost: 6.36e+06
Parameter fitting warnings:
  ⚠️  tc hit lower bound (190.0)
  ⚠️  m hit lower bound (0.1)
Optimization success: True
Final cost: 5.62e+06
Optimization success: False
Final cost: 1.02e+07
Parameter fitting warnings:
  ⚠️  m hit upper bound (0.99)
Optimization success: True
Final cost: 1.18e+08
Optimization success: False
Final cost: 1.07e+07
Parameter fitting warnings:
  ⚠️  tc hit lower bound (190.0)
  ⚠️  m hit lower bound (0.1)
Optimization success: True
Final cost: 2.57e+07
Parameter fitting warnings:
  ⚠️  m hit lower bound (0.1)
Optimization success: True
Final cost: 2.85e+07
  Progress: 120/467 (25.7%)
Parameter fitting warnings:
  ⚠️  tc hit upper bound (545.0)
  ⚠️  m hit lower bound (0.1)
Optimization success: True
Final cost: 2.88e+07
Parameter fitting warnings:
  ⚠️  tc hit upper bound (545.0)
Optimization success: True
Final cost: 3.38e+07
Parameter fitting warnings:
  ⚠️  tc hit upper bound (545.0)
Optimization success: True
Final cost: 3.61e+07
Parameter fitting warnings:
  ⚠️  tc hit lower bound (190.0)
  ⚠️  m hit lower bound (0.1)
Optimization success: True
Final cost: 2.17e+07
Parameter fitting warnings:
  ⚠️  m hit upper bound (0.99)
Optimization success: True
Final cost: 1.79e+08
Optimization success: True
Final cost: 1.85e+07
Optimization success: True
Final cost: 4.01e+07
Optimization success: True
Final cost: 4.56e+07
Optimization success: True
Final cost: 5.43e+07
Parameter fitting warnings:
  ⚠️  tc hit lower bound (190.0)
  ⚠️  m hit lower bound (0.1)
Optimization success: True
Final cost: 1.87e+08
Parameter fitting warnings:
  ⚠️  m hit lower bound (0.1)
Optimization success: True
Final cost: 1.37e+09
Optimization success: True
Final cost: 2.49e+09
Parameter fitting warnings:
  ⚠️  tc hit upper bound (545.0)
Optimization success: True
Final cost: 1.29e+09
Optimization success: True
Final cost: 3.18e+09
Parameter fitting warnings:
  ⚠️  tc hit upper bound (545.0)
Optimization success: True
Final cost: 1.27e+09
Parameter fitting warnings:
  ⚠️  tc hit upper bound (545.0)
Optimization success: True
Final cost: 1.21e+09
Optimization success: True
Final cost: 3.01e+08
Parameter fitting warnings:
  ⚠️  m hit lower bound (0.1)
Optimization success: True
Final cost: 3.14e+08
Optimization success: True
Final cost: 1.39e+09
Optimization success: True
Final cost: 3.04e+08
  Progress: 140/467 (30.0%)
Optimization success: True
Final cost: 3.42e+08
Optimization success: True
Final cost: 3.70e+08
Optimization success: False
Final cost: 4.56e+08
Optimization success: True
Final cost: 5.92e+08
Optimization success: True
Final cost: 6.64e+08
Parameter fitting warnings:
  ⚠️  m hit upper bound (0.99)
Optimization success: True
Final cost: 7.29e+08
Optimization success: False
Final cost: 7.25e+08
Optimization success: True
Final cost: 7.02e+08
Parameter fitting warnings:
  ⚠️  m hit upper bound (0.99)
Optimization success: True
Final cost: 6.61e+08
Parameter fitting warnings:
  ⚠️  m hit upper bound (0.99)
Optimization success: True
Final cost: 7.69e+08
Parameter fitting warnings:
  ⚠️  m hit upper bound (0.99)
Optimization success: True
Final cost: 7.77e+08
Parameter fitting warnings:
  ⚠️  m hit upper bound (0.99)
Optimization success: True
Final cost: 7.49e+08
Parameter fitting warnings:
  ⚠️  m hit upper bound (0.99)
Optimization success: True
Final cost: 6.59e+08
Parameter fitting warnings:
  ⚠️  m hit lower bound (0.1)
Optimization success: True
Final cost: 1.15e+09
Parameter fitting warnings:
  ⚠️  m hit lower bound (0.1)
Optimization success: True
Final cost: 1.11e+09
Parameter fitting warnings:
  ⚠️  m hit lower bound (0.1)
Optimization success: True
Final cost: 1.00e+09
Parameter fitting warnings:
  ⚠️  m hit lower bound (0.1)
Optimization success: True
Final cost: 7.33e+08
Parameter fitting warnings:
  ⚠️  m hit lower bound (0.1)
Optimization success: True
Final cost: 7.62e+08
Parameter fitting warnings:
  ⚠️  m hit lower bound (0.1)
Optimization success: True
Final cost: 6.28e+08
Parameter fitting warnings:
  ⚠️  m hit lower bound (0.1)
Optimization success: True
Final cost: 4.15e+08
  Progress: 160/467 (34.3%)
Parameter fitting warnings:
  ⚠️  m hit lower bound (0.1)
Optimization success: True
Final cost: 3.28e+08
Optimization success: True
Final cost: 1.86e+08
Parameter fitting warnings:
  ⚠️  m hit lower bound (0.1)
Optimization success: True
Final cost: 1.71e+08
Optimization success: True
Final cost: 1.63e+08
Optimization success: True
Final cost: 1.62e+08
Parameter fitting warnings:
  ⚠️  tc hit upper bound (545.0)
Optimization success: True
Final cost: 1.49e+08
Parameter fitting warnings:
  ⚠️  m hit upper bound (0.99)
Optimization success: True
Final cost: 1.45e+08
Parameter fitting warnings:
  ⚠️  m hit lower bound (0.1)
Optimization success: True
Final cost: 1.24e+08
Parameter fitting warnings:
  ⚠️  m hit lower bound (0.1)
Optimization success: True
Final cost: 1.14e+08
Parameter fitting warnings:
  ⚠️  m hit lower bound (0.1)
Optimization success: True
Final cost: 1.08e+08
Parameter fitting warnings:
  ⚠️  m hit lower bound (0.1)
Optimization success: True
Final cost: 1.04e+08
Optimization success: True
Final cost: 1.15e+08
Optimization success: True
Final cost: 1.16e+08
Parameter fitting warnings:
  ⚠️  m hit lower bound (0.1)
Optimization success: True
Final cost: 1.16e+08
Optimization success: False
Final cost: 1.09e+08
Parameter fitting warnings:
  ⚠️  m hit lower bound (0.1)
Optimization success: False
Final cost: 9.55e+07
Optimization success: False
Final cost: 7.12e+07
Parameter fitting warnings:
  ⚠️  m hit upper bound (0.99)
Optimization success: True
Final cost: 4.52e+07
Parameter fitting warnings:
  ⚠️  m hit lower bound (0.1)
Optimization success: True
Final cost: 5.87e+07
Parameter fitting warnings:
  ⚠️  m hit lower bound (0.1)
Optimization success: True
Final cost: 9.35e+07
  Progress: 180/467 (38.5%)
Parameter fitting warnings:
  ⚠️  m hit lower bound (0.1)
Optimization success: False
Final cost: 1.12e+08
Parameter fitting warnings:
  ⚠️  m hit lower bound (0.1)
Optimization success: True
Final cost: 1.52e+08
Parameter fitting warnings:
  ⚠️  m hit lower bound (0.1)
Optimization success: True
Final cost: 1.96e+08
Optimization success: True
Final cost: 5.49e+07
Parameter fitting warnings:
  ⚠️  m hit lower bound (0.1)
Optimization success: True
Final cost: 5.65e+07
Parameter fitting warnings:
  ⚠️  m hit lower bound (0.1)
Optimization success: True
Final cost: 5.88e+07
Parameter fitting warnings:
  ⚠️  m hit lower bound (0.1)
Optimization success: True
Final cost: 5.22e+07
Parameter fitting warnings:
  ⚠️  m hit lower bound (0.1)
Optimization success: True
Final cost: 4.79e+07
Parameter fitting warnings:
  ⚠️  m hit lower bound (0.1)
Optimization success: True
Final cost: 3.51e+07
Parameter fitting warnings:
  ⚠️  m hit upper bound (0.99)
Optimization success: True
Final cost: 3.33e+07
Parameter fitting warnings:
  ⚠️  m hit upper bound (0.99)
Optimization success: True
Final cost: 3.43e+07
Parameter fitting warnings:
  ⚠️  m hit upper bound (0.99)
Optimization success: True
Final cost: 3.50e+07
Parameter fitting warnings:
  ⚠️  m hit upper bound (0.99)
Optimization success: True
Final cost: 3.56e+07
Parameter fitting warnings:
  ⚠️  m hit upper bound (0.99)
Optimization success: True
Final cost: 3.61e+07
Optimization success: True
Final cost: 1.67e+08
Parameter fitting warnings:
  ⚠️  m hit upper bound (0.99)
Optimization success: True
Final cost: 3.69e+07
Parameter fitting warnings:
  ⚠️  m hit upper bound (0.99)
Optimization success: True
Final cost: 3.65e+07
Parameter fitting warnings:
  ⚠️  m hit upper bound (0.99)
Optimization success: True
Final cost: 1.17e+08
Parameter fitting warnings:
  ⚠️  tc hit upper bound (545.0)
  ⚠️  m hit upper bound (0.99)
Optimization success: True
Final cost: 3.40e+07
Parameter fitting warnings:
  ⚠️  tc hit upper bound (545.0)
Optimization success: True
Final cost: 3.32e+07
  Progress: 200/467 (42.8%)
Parameter fitting warnings:
  ⚠️  tc hit upper bound (545.0)
  ⚠️  m hit upper bound (0.99)
Optimization success: True
Final cost: 3.35e+07
Parameter fitting warnings:
  ⚠️  tc hit upper bound (545.0)
Optimization success: True
Final cost: 3.50e+07
Parameter fitting warnings:
  ⚠️  tc hit upper bound (545.0)
  ⚠️  m hit upper bound (0.99)
Optimization success: True
Final cost: 2.79e+07
Parameter fitting warnings:
  ⚠️  tc hit upper bound (545.0)
Optimization success: True
Final cost: 2.29e+07
Optimization success: True
Final cost: 1.54e+07
Parameter fitting warnings:
  ⚠️  tc hit upper bound (545.0)
  ⚠️  m hit lower bound (0.1)
Optimization success: True
Final cost: 2.44e+07
Parameter fitting warnings:
  ⚠️  tc hit upper bound (545.0)
  ⚠️  m hit upper bound (0.99)
Optimization success: True
Final cost: 2.02e+07
Parameter fitting warnings:
  ⚠️  m hit lower bound (0.1)
Optimization success: True
Final cost: 2.83e+07
Parameter fitting warnings:
  ⚠️  tc hit lower bound (190.0)
  ⚠️  m hit lower bound (0.1)
Optimization success: True
Final cost: 1.83e+07
Optimization success: True
Final cost: 3.40e+08
Parameter fitting warnings:
  ⚠️  tc hit upper bound (545.0)
  ⚠️  m hit lower bound (0.1)
Optimization success: True
Final cost: 4.42e+07
Parameter fitting warnings:
  ⚠️  tc hit upper bound (545.0)
Optimization success: True
Final cost: 3.08e+08
Parameter fitting warnings:
  ⚠️  tc hit upper bound (545.0)
  ⚠️  m hit upper bound (0.99)
Optimization success: True
Final cost: 6.78e+07
Optimization success: False
Final cost: 5.60e+07
Parameter fitting warnings:
  ⚠️  tc hit lower bound (190.0)
Optimization success: True
Final cost: 5.72e+07
Parameter fitting warnings:
  ⚠️  m hit lower bound (0.1)
Optimization success: False
Final cost: 8.31e+07
Parameter fitting warnings:
  ⚠️  m hit upper bound (0.99)
Optimization success: True
Final cost: 8.99e+07
Optimization success: True
Final cost: 8.60e+07
Optimization success: True
Final cost: 5.37e+08
Optimization success: True
Final cost: 1.18e+08
  Progress: 220/467 (47.1%)
Optimization success: True
Final cost: 9.03e+07
Optimization success: True
Final cost: 1.09e+08
Optimization success: False
Final cost: 9.70e+07
Optimization success: False
Final cost: 1.08e+08
Optimization success: True
Final cost: 2.28e+08
Parameter fitting warnings:
  ⚠️  m hit upper bound (0.99)
Optimization success: True
Final cost: 1.05e+08
Parameter fitting warnings:
  ⚠️  tc hit upper bound (545.0)
  ⚠️  m hit upper bound (0.99)
Optimization success: True
Final cost: 1.07e+08
Parameter fitting warnings:
  ⚠️  m hit upper bound (0.99)
Optimization success: True
Final cost: 1.12e+08
Optimization success: True
Final cost: 1.08e+08
Parameter fitting warnings:
  ⚠️  m hit upper bound (0.99)
Optimization success: True
Final cost: 1.08e+08
Parameter fitting warnings:
  ⚠️  m hit upper bound (0.99)
Optimization success: True
Final cost: 1.16e+08
Parameter fitting warnings:
  ⚠️  m hit upper bound (0.99)
Optimization success: True
Final cost: 1.38e+08
Parameter fitting warnings:
  ⚠️  m hit upper bound (0.99)
Optimization success: True
Final cost: 1.37e+08
Parameter fitting warnings:
  ⚠️  m hit lower bound (0.1)
Optimization success: True
Final cost: 2.28e+08
Parameter fitting warnings:
  ⚠️  m hit lower bound (0.1)
Optimization success: True
Final cost: 2.70e+08
Parameter fitting warnings:
  ⚠️  m hit lower bound (0.1)
Optimization success: True
Final cost: 2.83e+08
Parameter fitting warnings:
  ⚠️  m hit lower bound (0.1)
Optimization success: True
Final cost: 1.71e+08
Parameter fitting warnings:
  ⚠️  m hit upper bound (0.99)
Optimization success: True
Final cost: 7.76e+07
Optimization success: True
Final cost: 7.62e+07
Optimization success: True
Final cost: 7.65e+07
  Progress: 240/467 (51.4%)
Optimization success: True
Final cost: 6.50e+07
Parameter fitting warnings:
  ⚠️  m hit lower bound (0.1)
Optimization success: True
Final cost: 6.19e+07
Optimization success: True
Final cost: 6.25e+07
Optimization success: True
Final cost: 6.20e+07
Parameter fitting warnings:
  ⚠️  m hit lower bound (0.1)
Optimization success: True
Final cost: 6.24e+07
Parameter fitting warnings:
  ⚠️  m hit lower bound (0.1)
Optimization success: True
Final cost: 6.21e+07
Parameter fitting warnings:
  ⚠️  m hit lower bound (0.1)
Optimization success: True
Final cost: 6.07e+07
Parameter fitting warnings:
  ⚠️  m hit lower bound (0.1)
Optimization success: True
Final cost: 9.70e+07
Parameter fitting warnings:
  ⚠️  m hit lower bound (0.1)
Optimization success: True
Final cost: 1.01e+08
Parameter fitting warnings:
  ⚠️  m hit lower bound (0.1)
Optimization success: True
Final cost: 1.06e+08
Parameter fitting warnings:
  ⚠️  m hit lower bound (0.1)
Optimization success: True
Final cost: 1.10e+08
Parameter fitting warnings:
  ⚠️  m hit lower bound (0.1)
Optimization success: True
Final cost: 1.37e+08
Parameter fitting warnings:
  ⚠️  m hit lower bound (0.1)
Optimization success: True
Final cost: 1.56e+08
Parameter fitting warnings:
  ⚠️  m hit lower bound (0.1)
Optimization success: True
Final cost: 1.56e+08
Parameter fitting warnings:
  ⚠️  m hit lower bound (0.1)
Optimization success: True
Final cost: 1.40e+08
Parameter fitting warnings:
  ⚠️  m hit lower bound (0.1)
Optimization success: True
Final cost: 1.07e+08
Parameter fitting warnings:
  ⚠️  m hit lower bound (0.1)
Optimization success: True
Final cost: 8.60e+07
Parameter fitting warnings:
  ⚠️  m hit lower bound (0.1)
Optimization success: True
Final cost: 7.51e+07
Parameter fitting warnings:
  ⚠️  m hit lower bound (0.1)
Optimization success: True
Final cost: 7.46e+07
Optimization success: False
Final cost: 7.60e+07
  Progress: 260/467 (55.7%)
Optimization success: True
Final cost: 1.32e+08
Parameter fitting warnings:
  ⚠️  tc hit lower bound (190.0)
  ⚠️  m hit upper bound (0.99)
Optimization success: True
Final cost: 7.18e+07
Parameter fitting warnings:
  ⚠️  m hit upper bound (0.99)
Optimization success: True
Final cost: 7.72e+07
Parameter fitting warnings:
  ⚠️  tc hit lower bound (190.0)
  ⚠️  m hit upper bound (0.99)
Optimization success: True
Final cost: 7.80e+07
Parameter fitting warnings:
  ⚠️  tc hit lower bound (190.0)
  ⚠️  m hit upper bound (0.99)
Optimization success: True
Final cost: 8.22e+07
Parameter fitting warnings:
  ⚠️  m hit upper bound (0.99)
Optimization success: True
Final cost: 8.43e+07
Parameter fitting warnings:
  ⚠️  tc hit lower bound (190.0)
  ⚠️  m hit upper bound (0.99)
Optimization success: True
Final cost: 8.13e+07
Parameter fitting warnings:
  ⚠️  m hit upper bound (0.99)
Optimization success: True
Final cost: 9.28e+07
Optimization success: False
Final cost: 8.77e+07
Optimization success: False
Final cost: 7.97e+07
Optimization success: False
Final cost: 6.61e+07
Optimization success: False
Final cost: 5.09e+07
Optimization success: False
Final cost: 3.16e+07
Parameter fitting warnings:
  ⚠️  tc hit upper bound (545.0)
  ⚠️  m hit upper bound (0.99)
Optimization success: True
Final cost: 8.97e+07
Parameter fitting warnings:
  ⚠️  tc hit upper bound (545.0)
  ⚠️  m hit upper bound (0.99)
Optimization success: True
Final cost: 9.06e+07
Parameter fitting warnings:
  ⚠️  tc hit upper bound (545.0)
  ⚠️  m hit upper bound (0.99)
Optimization success: True
Final cost: 8.95e+07
Parameter fitting warnings:
  ⚠️  m hit upper bound (0.99)
Optimization success: True
Final cost: 9.30e+07
Parameter fitting warnings:
  ⚠️  tc hit lower bound (190.0)
Optimization success: True
Final cost: 7.80e+07
Optimization success: True
Final cost: 5.96e+07
Optimization success: False
Final cost: 4.30e+07
  Progress: 280/467 (60.0%)
Optimization success: False
Final cost: 5.05e+07
Parameter fitting warnings:
  ⚠️  m hit upper bound (0.99)
Optimization success: False
Final cost: 1.51e+08
Parameter fitting warnings:
  ⚠️  m hit upper bound (0.99)
Optimization success: False
Final cost: 2.79e+08
Parameter fitting warnings:
  ⚠️  m hit upper bound (0.99)
Optimization success: False
Final cost: 4.84e+08
Parameter fitting warnings:
  ⚠️  tc hit lower bound (190.0)
Optimization success: False
Final cost: 1.71e+08
Optimization success: True
Final cost: 6.60e+07
Optimization success: True
Final cost: 5.87e+07
Parameter fitting warnings:
  ⚠️  m hit lower bound (0.1)
Optimization success: True
Final cost: 2.42e+08
Optimization success: True
Final cost: 1.54e+09
Parameter fitting warnings:
  ⚠️  tc hit upper bound (545.0)
Optimization success: True
Final cost: 4.60e+08
Parameter fitting warnings:
  ⚠️  m hit upper bound (0.99)
Optimization success: True
Final cost: 4.84e+09
Optimization success: True
Final cost: 4.52e+09
Parameter fitting warnings:
  ⚠️  m hit upper bound (0.99)
Optimization success: True
Final cost: 6.67e+09
Parameter fitting warnings:
  ⚠️  tc hit lower bound (190.0)
Optimization success: True
Final cost: 5.93e+08
Parameter fitting warnings:
  ⚠️  m hit lower bound (0.1)
Optimization success: True
Final cost: 1.01e+09
Parameter fitting warnings:
  ⚠️  tc hit upper bound (545.0)
Optimization success: True
Final cost: 1.19e+09
Parameter fitting warnings:
  ⚠️  tc hit upper bound (545.0)
Optimization success: True
Final cost: 7.32e+09
Parameter fitting warnings:
  ⚠️  tc hit upper bound (545.0)
Optimization success: True
Final cost: 7.05e+09
Parameter fitting warnings:
  ⚠️  tc hit upper bound (545.0)
Optimization success: True
Final cost: 6.98e+09
Parameter fitting warnings:
  ⚠️  tc hit upper bound (545.0)
Optimization success: True
Final cost: 7.29e+09
  Progress: 300/467 (64.2%)
Parameter fitting warnings:
  ⚠️  tc hit upper bound (545.0)
Optimization success: True
Final cost: 7.31e+09
Parameter fitting warnings:
  ⚠️  tc hit upper bound (545.0)
Optimization success: True
Final cost: 6.55e+09
Parameter fitting warnings:
  ⚠️  tc hit upper bound (545.0)
  ⚠️  m hit lower bound (0.1)
Optimization success: True
Final cost: 1.94e+09
Parameter fitting warnings:
  ⚠️  tc hit upper bound (545.0)
Optimization success: True
Final cost: 2.03e+09
Optimization success: True
Final cost: 7.02e+09
Parameter fitting warnings:
  ⚠️  m hit lower bound (0.1)
Optimization success: True
Final cost: 2.06e+09
Parameter fitting warnings:
  ⚠️  tc hit upper bound (545.0)
Optimization success: True
Final cost: 3.02e+09
Parameter fitting warnings:
  ⚠️  tc hit upper bound (545.0)
Optimization success: True
Final cost: 2.72e+09
Optimization success: True
Final cost: 2.46e+09
Optimization success: True
Final cost: 3.01e+09
Parameter fitting warnings:
  ⚠️  m hit lower bound (0.1)
Optimization success: True
Final cost: 2.92e+09
Optimization success: True
Final cost: 2.89e+09
Optimization success: True
Final cost: 3.22e+09
Optimization success: True
Final cost: 3.27e+09
Optimization success: True
Final cost: 3.29e+09
Optimization success: True
Final cost: 3.13e+09
Optimization success: True
Final cost: 2.44e+09
Parameter fitting warnings:
  ⚠️  m hit upper bound (0.99)
Optimization success: True
Final cost: 2.57e+09
Parameter fitting warnings:
  ⚠️  m hit upper bound (0.99)
Optimization success: True
Final cost: 2.38e+09
Parameter fitting warnings:
  ⚠️  m hit upper bound (0.99)
Optimization success: True
Final cost: 2.36e+09
  Progress: 320/467 (68.5%)
Parameter fitting warnings:
  ⚠️  m hit upper bound (0.99)
Optimization success: True
Final cost: 2.28e+09
Parameter fitting warnings:
  ⚠️  m hit upper bound (0.99)
Optimization success: True
Final cost: 2.29e+09
Parameter fitting warnings:
  ⚠️  m hit upper bound (0.99)
Optimization success: True
Final cost: 2.01e+09
Parameter fitting warnings:
  ⚠️  m hit upper bound (0.99)
Optimization success: True
Final cost: 2.11e+09
Optimization success: True
Final cost: 2.15e+09
Parameter fitting warnings:
  ⚠️  m hit upper bound (0.99)
Optimization success: True
Final cost: 2.40e+09
Parameter fitting warnings:
  ⚠️  m hit upper bound (0.99)
Optimization success: True
Final cost: 2.38e+09
Optimization success: True
Final cost: 2.36e+09
Parameter fitting warnings:
  ⚠️  m hit upper bound (0.99)
Optimization success: True
Final cost: 2.53e+09
Parameter fitting warnings:
  ⚠️  m hit upper bound (0.99)
Optimization success: True
Final cost: 2.52e+09
Optimization success: True
Final cost: 3.02e+09
Parameter fitting warnings:
  ⚠️  m hit upper bound (0.99)
Optimization success: True
Final cost: 4.92e+09
Optimization success: True
Final cost: 4.32e+09
Parameter fitting warnings:
  ⚠️  m hit upper bound (0.99)
Optimization success: True
Final cost: 3.02e+09
Parameter fitting warnings:
  ⚠️  m hit upper bound (0.99)
Optimization success: True
Final cost: 2.72e+09
Parameter fitting warnings:
  ⚠️  tc hit upper bound (545.0)
Optimization success: True
Final cost: 4.45e+09
Parameter fitting warnings:
  ⚠️  tc hit upper bound (545.0)
Optimization success: True
Final cost: 4.01e+09
Optimization success: True
Final cost: 3.85e+09
Optimization success: True
Final cost: 3.55e+09
Optimization success: True
Final cost: 3.45e+09
  Progress: 340/467 (72.8%)
Optimization success: True
Final cost: 3.44e+09
Optimization success: True
Final cost: 3.44e+09
Optimization success: True
Final cost: 3.38e+09
Optimization success: True
Final cost: 2.95e+09
Parameter fitting warnings:
  ⚠️  m hit lower bound (0.1)
Optimization success: True
Final cost: 3.05e+09
Parameter fitting warnings:
  ⚠️  m hit lower bound (0.1)
Optimization success: True
Final cost: 3.09e+09
Parameter fitting warnings:
  ⚠️  m hit lower bound (0.1)
Optimization success: True
Final cost: 3.05e+09
Optimization success: True
Final cost: 2.95e+09
Optimization success: True
Final cost: 3.00e+09
Parameter fitting warnings:
  ⚠️  m hit upper bound (0.99)
Optimization success: True
Final cost: 2.79e+09
Parameter fitting warnings:
  ⚠️  m hit upper bound (0.99)
Optimization success: True
Final cost: 2.63e+09
Parameter fitting warnings:
  ⚠️  m hit upper bound (0.99)
Optimization success: True
Final cost: 2.91e+09
Parameter fitting warnings:
  ⚠️  m hit upper bound (0.99)
Optimization success: True
Final cost: 2.94e+09
Parameter fitting warnings:
  ⚠️  m hit upper bound (0.99)
Optimization success: True
Final cost: 2.14e+09
Parameter fitting warnings:
  ⚠️  m hit upper bound (0.99)
Optimization success: True
Final cost: 1.74e+09
Optimization success: True
Final cost: 1.55e+09
Parameter fitting warnings:
  ⚠️  m hit lower bound (0.1)
Optimization success: True
Final cost: 6.50e+09
Parameter fitting warnings:
  ⚠️  m hit lower bound (0.1)
Optimization success: True
Final cost: 5.91e+09
Parameter fitting warnings:
  ⚠️  m hit lower bound (0.1)
Optimization success: True
Final cost: 5.11e+09
Parameter fitting warnings:
  ⚠️  m hit lower bound (0.1)
Optimization success: True
Final cost: 4.22e+09
  Progress: 360/467 (77.1%)
Parameter fitting warnings:
  ⚠️  m hit lower bound (0.1)
Optimization success: True
Final cost: 3.67e+09
Parameter fitting warnings:
  ⚠️  m hit lower bound (0.1)
Optimization success: True
Final cost: 3.73e+09
Parameter fitting warnings:
  ⚠️  m hit lower bound (0.1)
Optimization success: True
Final cost: 3.93e+09
Parameter fitting warnings:
  ⚠️  m hit lower bound (0.1)
Optimization success: True
Final cost: 4.49e+09
Parameter fitting warnings:
  ⚠️  m hit lower bound (0.1)
Optimization success: True
Final cost: 5.56e+09
Parameter fitting warnings:
  ⚠️  m hit lower bound (0.1)
Optimization success: True
Final cost: 2.37e+09
Parameter fitting warnings:
  ⚠️  m hit lower bound (0.1)
Optimization success: True
Final cost: 1.84e+09
Parameter fitting warnings:
  ⚠️  m hit lower bound (0.1)
Optimization success: True
Final cost: 1.48e+09
Optimization success: True
Final cost: 1.33e+09
Optimization success: True
Final cost: 1.11e+09
Optimization success: True
Final cost: 1.16e+09
Parameter fitting warnings:
  ⚠️  m hit lower bound (0.1)
Optimization success: True
Final cost: 1.12e+09
Parameter fitting warnings:
  ⚠️  m hit upper bound (0.99)
Optimization success: True
Final cost: 1.17e+09
Parameter fitting warnings:
  ⚠️  m hit upper bound (0.99)
Optimization success: True
Final cost: 9.48e+08
Parameter fitting warnings:
  ⚠️  m hit upper bound (0.99)
Optimization success: True
Final cost: 1.16e+09
Parameter fitting warnings:
  ⚠️  m hit lower bound (0.1)
Optimization success: True
Final cost: 8.40e+09
Parameter fitting warnings:
  ⚠️  m hit lower bound (0.1)
Optimization success: True
Final cost: 8.03e+09
Parameter fitting warnings:
  ⚠️  m hit lower bound (0.1)
Optimization success: True
Final cost: 7.73e+09
Parameter fitting warnings:
  ⚠️  m hit lower bound (0.1)
Optimization success: True
Final cost: 7.37e+09
Parameter fitting warnings:
  ⚠️  m hit lower bound (0.1)
Optimization success: True
Final cost: 6.37e+09
  Progress: 380/467 (81.4%)
Parameter fitting warnings:
  ⚠️  m hit lower bound (0.1)
Optimization success: True
Final cost: 5.33e+09
Parameter fitting warnings:
  ⚠️  m hit lower bound (0.1)
Optimization success: True
Final cost: 4.88e+09
Parameter fitting warnings:
  ⚠️  m hit lower bound (0.1)
Optimization success: True
Final cost: 4.23e+09
Parameter fitting warnings:
  ⚠️  m hit lower bound (0.1)
Optimization success: True
Final cost: 3.43e+09
Parameter fitting warnings:
  ⚠️  m hit lower bound (0.1)
Optimization success: True
Final cost: 2.26e+09
Parameter fitting warnings:
  ⚠️  tc hit upper bound (545.0)
  ⚠️  m hit upper bound (0.99)
Optimization success: True
Final cost: 9.02e+08
Optimization success: True
Final cost: 1.32e+09
Parameter fitting warnings:
  ⚠️  tc hit lower bound (190.0)
  ⚠️  m hit lower bound (0.1)
Optimization success: True
Final cost: 1.64e+09
Parameter fitting warnings:
  ⚠️  tc hit lower bound (190.0)
  ⚠️  m hit lower bound (0.1)
Optimization success: True
Final cost: 1.30e+09
Parameter fitting warnings:
  ⚠️  m hit lower bound (0.1)
Optimization success: True
Final cost: 7.96e+08
Parameter fitting warnings:
  ⚠️  m hit upper bound (0.99)
Optimization success: False
Final cost: 2.87e+08
Parameter fitting warnings:
  ⚠️  m hit upper bound (0.99)
Optimization success: False
Final cost: 2.85e+08
Parameter fitting warnings:
  ⚠️  m hit upper bound (0.99)
Optimization success: False
Final cost: 2.81e+08
Parameter fitting warnings:
  ⚠️  m hit upper bound (0.99)
Optimization success: True
Final cost: 2.57e+08
Parameter fitting warnings:
  ⚠️  m hit upper bound (0.99)
Optimization success: True
Final cost: 2.24e+08
Optimization success: True
Final cost: 2.64e+08
Optimization success: True
Final cost: 3.09e+08
Parameter fitting warnings:
  ⚠️  m hit lower bound (0.1)
Optimization success: True
Final cost: 3.28e+08
Parameter fitting warnings:
  ⚠️  m hit lower bound (0.1)
Optimization success: True
Final cost: 3.30e+08
Optimization success: True
Final cost: 2.96e+08
  Progress: 400/467 (85.7%)
Parameter fitting warnings:
  ⚠️  tc hit lower bound (190.0)
Optimization success: True
Final cost: 1.93e+08
Optimization success: True
Final cost: 1.98e+08
Parameter fitting warnings:
  ⚠️  m hit lower bound (0.1)
Optimization success: True
Final cost: 1.97e+08
Optimization success: True
Final cost: 1.84e+08
Optimization success: True
Final cost: 7.71e+08
Parameter fitting warnings:
  ⚠️  m hit upper bound (0.99)
Optimization success: True
Final cost: 4.57e+08
Parameter fitting warnings:
  ⚠️  m hit upper bound (0.99)
Optimization success: True
Final cost: 4.63e+08
Parameter fitting warnings:
  ⚠️  m hit upper bound (0.99)
Optimization success: True
Final cost: 4.74e+08
Parameter fitting warnings:
  ⚠️  m hit upper bound (0.99)
Optimization success: True
Final cost: 4.82e+08
Parameter fitting warnings:
  ⚠️  m hit upper bound (0.99)
Optimization success: True
Final cost: 4.88e+08
Parameter fitting warnings:
  ⚠️  tc hit upper bound (545.0)
Optimization success: True
Final cost: 7.51e+08
Parameter fitting warnings:
  ⚠️  tc hit upper bound (545.0)
Optimization success: True
Final cost: 5.07e+08
Parameter fitting warnings:
  ⚠️  tc hit upper bound (545.0)
Optimization success: True
Final cost: 4.29e+08
Optimization success: True
Final cost: 3.87e+08
Optimization success: True
Final cost: 4.01e+08
Optimization success: True
Final cost: 3.91e+08
Parameter fitting warnings:
  ⚠️  m hit lower bound (0.1)
Optimization success: True
Final cost: 3.81e+08
Parameter fitting warnings:
  ⚠️  m hit upper bound (0.99)
Optimization success: True
Final cost: 4.15e+08
Parameter fitting warnings:
  ⚠️  tc hit lower bound (190.0)
Optimization success: True
Final cost: 3.86e+08
Optimization success: True
Final cost: 5.53e+08
  Progress: 420/467 (89.9%)
Optimization success: True
Final cost: 2.64e+08
Optimization success: True
Final cost: 2.22e+08
Optimization success: True
Final cost: 2.14e+08
Optimization success: True
Final cost: 2.17e+08
Optimization success: False
Final cost: 2.26e+08
Optimization success: False
Final cost: 2.06e+08
Parameter fitting warnings:
  ⚠️  m hit upper bound (0.99)
Optimization success: False
Final cost: 3.11e+08
Parameter fitting warnings:
  ⚠️  tc hit upper bound (545.0)
Optimization success: True
Final cost: 5.86e+08
Optimization success: True
Final cost: 5.00e+08
Parameter fitting warnings:
  ⚠️  m hit lower bound (0.1)
Optimization success: False
Final cost: 2.51e+08
Optimization success: True
Final cost: 2.50e+08
Optimization success: False
Final cost: 2.10e+08
Parameter fitting warnings:
  ⚠️  m hit lower bound (0.1)
Optimization success: True
Final cost: 3.14e+08
Parameter fitting warnings:
  ⚠️  m hit lower bound (0.1)
Optimization success: False
Final cost: 2.08e+08
Parameter fitting warnings:
  ⚠️  m hit lower bound (0.1)
Optimization success: False
Final cost: 2.40e+08
Parameter fitting warnings:
  ⚠️  m hit lower bound (0.1)
Optimization success: False
Final cost: 2.84e+08
Parameter fitting warnings:
  ⚠️  m hit lower bound (0.1)
Optimization success: False
Final cost: 3.61e+08
Parameter fitting warnings:
  ⚠️  tc hit lower bound (190.0)
Optimization success: True
Final cost: 2.29e+08
Optimization success: True
Final cost: 6.17e+08
Optimization success: True
Final cost: 2.01e+08
  Progress: 440/467 (94.2%)
Parameter fitting warnings:
  ⚠️  tc hit lower bound (190.0)
  ⚠️  m hit upper bound (0.99)
Optimization success: True
Final cost: 1.84e+08
Parameter fitting warnings:
  ⚠️  tc hit lower bound (190.0)
  ⚠️  m hit lower bound (0.1)
Optimization success: True
Final cost: 2.92e+08
Optimization success: True
Final cost: 1.08e+09
Optimization success: False
Final cost: 2.36e+08
Optimization success: True
Final cost: 2.75e+09
Optimization success: True
Final cost: 2.60e+08
Parameter fitting warnings:
  ⚠️  m hit upper bound (0.99)
Optimization success: False
Final cost: 2.70e+08
Parameter fitting warnings:
  ⚠️  m hit upper bound (0.99)
Optimization success: True
Final cost: 2.82e+08
Parameter fitting warnings:
  ⚠️  m hit upper bound (0.99)
Optimization success: True
Final cost: 2.87e+08
Parameter fitting warnings:
  ⚠️  m hit upper bound (0.99)
Optimization success: True
Final cost: 3.11e+08
Parameter fitting warnings:
  ⚠️  m hit upper bound (0.99)
Optimization success: True
Final cost: 3.20e+08
Optimization success: True
Final cost: 8.81e+08
Parameter fitting warnings:
  ⚠️  tc hit lower bound (190.0)
Optimization success: True
Final cost: 3.16e+08
Optimization success: False
Final cost: 4.45e+08
Optimization success: True
Final cost: 5.63e+08
Parameter fitting warnings:
  ⚠️  tc hit lower bound (190.0)
Optimization success: True
Final cost: 1.90e+09
Parameter fitting warnings:
  ⚠️  tc hit lower bound (190.0)
Optimization success: True
Final cost: 6.05e+08
Parameter fitting warnings:
  ⚠️  tc hit lower bound (190.0)
Optimization success: True
Final cost: 6.94e+08
Optimization success: True
Final cost: 8.52e+08
Parameter fitting warnings:
  ⚠️  tc hit upper bound (545.0)
Optimization success: True
Final cost: 6.09e+09
  Progress: 460/467 (98.5%)
Parameter fitting warnings:
  ⚠️  tc hit upper bound (545.0)
Optimization success: True
Final cost: 5.96e+09
Parameter fitting warnings:
  ⚠️  m hit lower bound (0.1)
Optimization success: True
Final cost: 2.85e+09
Optimization success: True
Final cost: 5.44e+09
Optimization success: True
Final cost: 4.83e+09
Optimization success: True
Final cost: 4.37e+09
Optimization success: True
Final cost: 4.40e+09
Optimization success: False
Final cost: 1.46e+09

LPPLS issued 166 warnings

Evaluating signal accuracy...

======================================================================
BACKTEST RESULTS
======================================================================

Total crashes detected in data: 52
Total LPPLS warnings issued: 166

True Positives (correct warnings): 34
False Positives (false alarms): 132
False Negatives (missed crashes): 15

Precision (when it warns, how often correct): 20.5%
Recall (% of crashes it catches): 69.4%
F1 Score (overall accuracy): 0.316
Average Lead Time: 38.7 days

======================================================================
TRUE POSITIVES (Correct Predictions):
======================================================================
2017-05-24: Predicted crash in 10 days, actual crash in 53 days (-21.0%)
2017-06-07: Predicted crash in 10 days, actual crash in 39 days (-29.4%)
2017-06-14: Predicted crash in 13 days, actual crash in 32 days (-23.0%)
2017-08-30: Predicted crash in 10 days, actual crash in 15 days (-30.9%)
2017-11-08: Predicted crash in 39 days, actual crash in 4 days (-20.2%)
2017-12-06: Predicted crash in 37 days, actual crash in 60 days (-42.1%)
2017-12-13: Predicted crash in 10 days, actual crash in 54 days (-57.6%)
2017-12-20: Predicted crash in 26 days, actual crash in 47 days (-58.2%)
2017-12-27: Predicted crash in 59 days, actual crash in 40 days (-56.1%)
2018-01-10: Predicted crash in 60 days, actual crash in 26 days (-53.5%)
2018-01-31: Predicted crash in 14 days, actual crash in 60 days (-33.0%)
2018-02-14: Predicted crash in 60 days, actual crash in 51 days (-30.1%)
2018-02-21: Predicted crash in 39 days, actual crash in 44 days (-37.9%)
2018-02-28: Predicted crash in 56 days, actual crash in 37 days (-36.2%)
2018-03-07: Predicted crash in 57 days, actual crash in 30 days (-33.4%)
2018-05-30: Predicted crash in 52 days, actual crash in 29 days (-20.3%)
2018-06-06: Predicted crash in 46 days, actual crash in 22 days (-22.9%)
2018-10-03: Predicted crash in 59 days, actual crash in 54 days (-41.9%)
2018-11-21: Predicted crash in 11 days, actual crash in 24 days (-29.7%)
2018-11-28: Predicted crash in 17 days, actual crash in 17 days (-24.0%)
2019-06-26: Predicted crash in 60 days, actual crash in 20 days (-27.2%)
2019-08-21: Predicted crash in 31 days, actual crash in 58 days (-21.4%)
2019-08-28: Predicted crash in 60 days, actual crash in 57 days (-23.2%)
2021-10-20: Predicted crash in 23 days, actual crash in 58 days (-30.0%)
2022-04-27: Predicted crash in 52 days, actual crash in 52 days (-51.5%)
2022-05-04: Predicted crash in 45 days, actual crash in 45 days (-52.1%)
2022-05-11: Predicted crash in 52 days, actual crash in 38 days (-34.3%)
2022-05-18: Predicted crash in 51 days, actual crash in 31 days (-33.8%)
2022-05-25: Predicted crash in 57 days, actual crash in 24 days (-35.7%)
2022-06-01: Predicted crash in 56 days, actual crash in 17 days (-36.2%)
2022-09-14: Predicted crash in 40 days, actual crash in 56 days (-21.5%)
2022-10-05: Predicted crash in 41 days, actual crash in 47 days (-21.7%)
2022-10-26: Predicted crash in 57 days, actual crash in 26 days (-24.0%)
2024-03-13: Predicted crash in 10 days, actual crash in 49 days (-20.3%)

======================================================================
FALSE NEGATIVES (Missed Crashes):
======================================================================
2014-09-17: Crashed -29.9% but NO WARNING issued
2014-10-19: Crashed -20.1% but NO WARNING issued
2014-11-19: Crashed -53.2% but NO WARNING issued
2014-12-20: Crashed -46.0% but NO WARNING issued
2015-01-26: Crashed -20.6% but NO WARNING issued
2015-03-02: Crashed -20.5% but NO WARNING issued
2015-07-05: Crashed -22.6% but NO WARNING issued
2015-08-05: Crashed -25.3% but NO WARNING issued
2017-02-24: Crashed -20.1% but NO WARNING issued
2018-05-15: Crashed -30.6% but NO WARNING issued
2021-04-24: Crashed -36.7% but NO WARNING issued
2021-05-25: Crashed -22.4% but NO WARNING issued
2021-09-05: Crashed -21.4% but NO WARNING issued
2022-03-10: Crashed -23.2% but NO WARNING issued
2022-04-10: Crashed -32.2% but NO WARNING issued

======================================================================
CONCLUSION:
======================================================================
⚠️  LPPLS has limited predictive power
   - Better than random, but not reliable alone
   - Should be combined with other indicators

Saving results to backtest_results.json...
Done! Results saved.
